#-----------------------------------------------------------
# Vivado v2018.1 (64-bit)
# SW Build 2188600 on Wed Apr  4 18:40:38 MDT 2018
# IP Build 2185939 on Wed Apr  4 20:55:05 MDT 2018
# Start of session at: Fri Jun  1 12:07:39 2018
# Process ID: 11140
# Current directory: D:/SDU/4th Semester/Semester Project/mspro4/Led Panel Driver V2
# Command line: vivado.exe -gui_launcher_event rodinguilauncherevent21516 D:\SDU\4th Semester\Semester Project\mspro4\Led Panel Driver V2\Led Panel Driver V2.xpr
# Log file: D:/SDU/4th Semester/Semester Project/mspro4/Led Panel Driver V2/vivado.log
# Journal file: D:/SDU/4th Semester/Semester Project/mspro4/Led Panel Driver V2\vivado.jou
#-----------------------------------------------------------
start_gui
open_project {D:/SDU/4th Semester/Semester Project/mspro4/Led Panel Driver V2/Led Panel Driver V2.xpr}
update_compile_order -fileset sources_1
open_hw
connect_hw_server
open_hw_target
set_property PROGRAM.FILE {D:/SDU/4th Semester/Semester Project/mspro4/Led Panel Driver V2/Led Panel Driver V2.runs/impl_1/audioToVisual.bit} [get_hw_devices xc7z020_1]
current_hw_device [get_hw_devices xc7z020_1]
refresh_hw_device -update_hw_probes false [lindex [get_hw_devices xc7z020_1] 0]
set_property PROBES.FILE {} [get_hw_devices xc7z020_1]
set_property FULL_PROBES.FILE {} [get_hw_devices xc7z020_1]
set_property PROGRAM.FILE {D:/SDU/4th Semester/Semester Project/mspro4/Led Panel Driver V2/Led Panel Driver V2.runs/impl_1/audioToVisual.bit} [get_hw_devices xc7z020_1]
program_hw_devices [get_hw_devices xc7z020_1]
refresh_hw_device [lindex [get_hw_devices xc7z020_1] 0]
set_property PROBES.FILE {} [get_hw_devices xc7z020_1]
set_property FULL_PROBES.FILE {} [get_hw_devices xc7z020_1]
set_property PROGRAM.FILE {D:/SDU/4th Semester/Semester Project/mspro4/Led Panel Driver V2/Led Panel Driver V2.runs/impl_1/audioToVisual.bit} [get_hw_devices xc7z020_1]
program_hw_devices [get_hw_devices xc7z020_1]
refresh_hw_device [lindex [get_hw_devices xc7z020_1] 0]
disconnect_hw_server localhost:3121
connect_hw_server
open_hw_target
set_property PROGRAM.FILE {D:/SDU/4th Semester/Semester Project/mspro4/Led Panel Driver V2/Led Panel Driver V2.runs/impl_1/audioToVisual.bit} [get_hw_devices xc7z020_1]
current_hw_device [get_hw_devices xc7z020_1]
refresh_hw_device -update_hw_probes false [lindex [get_hw_devices xc7z020_1] 0]
set_property PROBES.FILE {} [get_hw_devices xc7z020_1]
set_property FULL_PROBES.FILE {} [get_hw_devices xc7z020_1]
set_property PROGRAM.FILE {D:/SDU/4th Semester/Semester Project/mspro4/Led Panel Driver V2/Led Panel Driver V2.runs/impl_1/audioToVisual.bit} [get_hw_devices xc7z020_1]
program_hw_devices [get_hw_devices xc7z020_1]
refresh_hw_device [lindex [get_hw_devices xc7z020_1] 0]
